// Jest Snapshot v1, https://goo.gl/fbAQLP

exports[`Should render ProcessCard component properly 1`] = `
<div
  className="processCard"
>
  <div
    className="iconBlock"
  >
    <img
      alt="finance.svg"
      src="finance.svg"
    />
  </div>
  <h1>
    Finance
  </h1>
  <p>
    This process exmains the payroll flow within the Finanace department. This process was created for Ziv Cohen on 06.07.2021, 17:58
  </p>
</div>
`;
